..... ..#..'..... ..#..'..............!.................!......Ubuntu 16.04.3 LTS
4d437449cdb8 login: ...piggy
Password: I8elieve1CanFly

Last login: Mon Feb 26 23:00:52 UTC 2018 on pts/0
Welcome to Ubuntu 16.04.3 LTS (GNU/Linux 4.4.0-1052-aws x86_64)

 * Documentation:  https://help.ubuntu.com
 * Management:     https://landscape.canonical.com
 * Support:        https://ubuntu.com/advantage
piggy@4d437449cdb8:~$ ls -la 
ls -la 
total 52
drwxr-xr-x 1 piggy piggy  4096 Feb 22 00:14 .
drwxr-xr-x 1 root  root   4096 Feb 16 20:57 ..
-rw------- 1 piggy piggy 19779 Feb 26 23:01 .bash_history
-rw-r--r-- 1 piggy piggy   220 Aug 31  2015 .bash_logout
-rw-r--r-- 1 piggy piggy  3771 Aug 31  2015 .bashrc
drwx------ 2 piggy piggy  4096 Feb 22 00:10 .cache
-rw-r--r-- 1 root  root     51 Feb 16 20:57 .ctf_flag
-rw-r--r-- 1 piggy piggy   655 May 16  2017 .profile
drwxr-xr-x 6 root  root   4096 Feb 16 20:57 mini-ipam-driver
piggy@4d437449cdb8:~$ cd mini-ipam-driver
cat .ctf*
gigem{trust_on_the_internet_is_a_way_to_get_eaten}
piggy@4d437449cdb8:~$ am-driver
-bash: am-driver: command not found
piggy@4d437449cdb8:~$ ls -la 
exit
ls -la 
total 52
drwxr-xr-x 1 piggy piggy  4096 Feb 22 00:14 .
drwxr-xr-x 1 root  root   4096 Feb 16 20:57 ..
-rw------- 1 piggy piggy 19779 Feb 26 23:01 .bash_history
-rw-r--r-- 1 piggy piggy   220 Aug 31  2015 .bash_logout
-rw-r--r-- 1 piggy piggy  3771 Aug 31  2015 .bashrc
drwx------ 2 piggy piggy  4096 Feb 22 00:10 .cache
-rw-r--r-- 1 root  root     51 Feb 16 20:57 .ctf_flag
-rw-r--r-- 1 piggy piggy   655 May 16  2017 .profile
drwxr-xr-x 6 root  root   4096 Feb 16 20:57 mini-ipam-driver
piggy@4d437449cdb8:~$ ..... ..#..'..... ..#..'..............!.................!......Ubuntu 16.04.3 LTS
4d437449cdb8 login: ...piggy
Password: I8elieve1CanFly

Last login: Mon Feb 26 23:00:52 UTC 2018 on pts/0
Welcome to Ubuntu 16.04.3 LTS (GNU/Linux 4.4.0-1052-aws x86_64)

 * Documentation:  https://help.ubuntu.com
 * Management:     https://landscape.canonical.com
 * Support:        https://ubuntu.com/advantage
piggy@4d437449cdb8:~$ ls -la 
ls -la 
total 52
drwxr-xr-x 1 piggy piggy  4096 Feb 22 00:14 .
drwxr-xr-x 1 root  root   4096 Feb 16 20:57 ..
-rw------- 1 piggy piggy 19779 Feb 26 23:01 .bash_history
-rw-r--r-- 1 piggy piggy   220 Aug 31  2015 .bash_logout
-rw-r--r-- 1 piggy piggy  3771 Aug 31  2015 .bashrc
drwx------ 2 piggy piggy  4096 Feb 22 00:10 .cache
-rw-r--r-- 1 root  root     51 Feb 16 20:57 .ctf_flag
-rw-r--r-- 1 piggy piggy   655 May 16  2017 .profile
drwxr-xr-x 6 root  root   4096 Feb 16 20:57 mini-ipam-driver
piggy@4d437449cdb8:~$ cd mini-ipam-driver
cat .ctf*
gigem{trust_on_the_internet_is_a_way_to_get_eaten}
piggy@4d437449cdb8:~$ am-driver
-bash: am-driver: command not found
piggy@4d437449cdb8:~$ ls -la 
exit
ls -la 
total 52
drwxr-xr-x 1 piggy piggy  4096 Feb 22 00:14 .
drwxr-xr-x 1 root  root   4096 Feb 16 20:57 ..
-rw------- 1 piggy piggy 19779 Feb 26 23:01 .bash_history
-rw-r--r-- 1 piggy piggy   220 Aug 31  2015 .bash_logout
-rw-r--r-- 1 piggy piggy  3771 Aug 31  2015 .bashrc
drwx------ 2 piggy piggy  4096 Feb 22 00:10 .cache
-rw-r--r-- 1 root  root     51 Feb 16 20:57 .ctf_flag
-rw-r--r-- 1 piggy piggy   655 May 16  2017 .profile
drwxr-xr-x 6 root  root   4096 Feb 16 20:57 mini-ipam-driver
piggy@4d437449cdb8:~$ 